c2 : Infer{'h : type}. Req{'t : 'h}. constraint
f2 : Infer{'h : type}. Req{'t : 'h}. type
c3 : Req{'a : type}. constraint
foo : Spec{'a : type}. c3 'a => 'a -> f2 'a
