tyfun02-fail.ml[11:1 ..14:11]: error (E2018)
   │ 
14 │   | _ -> Xs
   │          ^^
  No instance for collapse 'a ~ string arising from the expression
