foo : {'a : type}. 'a -> type
Foo : {'s : type}. {'a : 's}. int -> foo 'a
foo_int : foo int
foo_string : foo string
foo : {'a : type}. {'b : 'a}. foo 'b => foo 'b
main : foo string
