wrong-cardinality-match.ml[4:3 ..4:3]: error (E2042)
  │ 
4 │ | A -> ()
  │   ^
  Constructor takes 1 arguments but was given none
