letrec-02.ml[1:5 ..3:7]: error
  Pattern bindings can not participate in recursion

  │ 
1 │ let (f, g) = (foo, bar)
  │     ^^^^^^

  Note: this binding is in the same recursive group as these

  │ 
2 │ and foo = f
  │     ^^^
3 │ and bar = g
  │     ^^^
