^ : string -> string -> string
+ : int -> int -> int
main : int * string
