implicit05-fail.ml[10:12 ..10:14]: error
  Could not find implicit value of type foo 'a

  • Ambiguous type variable 'a prevents finding a value
  • Suggestion: use a type annotation to specify it
                perhaps to the type foo int

  These relevant implicit values are in scope: 
  • foo_int : foo int
  • foo_string : foo string

  Arising in the expression
   │ 
10 │ let main = foo
   │ 
