foo : ('a : type) -> 'a -> 'a
bar : int
baz : int
