match_to.ml[3:9 ..3:16]: note (N3007)
  match with a single arm can be rewritten using let.
  │ 
3 │ let _ = function
  │         ^^^^^^^^
  • Note: Replace with let { x = x, y = y } = …
match_to.ml[7:9 ..7:16]: warning (W3006)
  Non-exhaustive patterns in expression
  │ 
7 │ let _ = function
  │         ^^^^^^^^
  • Note: The following patterns are not covered
      false
match_to.ml[14:3 ..14:7]: note (N3007)
  match with a single arm can be rewritten using let.
   │ 
14 │   match g () with
   │   ^^^^^
  • Note: Replace with let { x = x, y = y } = …
match_to.ml[18:3 ..18:7]: warning (W3006)
  Non-exhaustive patterns in expression
   │ 
18 │   match g () with
   │   ^^^^^
  • Note: The following patterns are not covered
      false
