recursive_02.ml[6:11 ..6:28]: error (E3001)
  Invalid recursive right-hand side for variable f
  • Note: because evaluation of the variable g is not delayed
  Arising from use of the binding
  │ 
6 │   let rec f = (fun _ -> g) 1
  │           ^^^^^^^^^^^^^^^^^^
recursive_02.ml[7:7 ..7:24]: error (E3001)
  Invalid recursive right-hand side for variable g
  • Note: because evaluation of the variable f is not delayed
  Arising from use of the binding
  │ 
7 │   and g = (fun _ -> f) 1
  │       ^^^^^^^^^^^^^^^^^^
