verify11.ml[2:5 ..2:5]: error
  Invalid recursive right-hand side for variable g
  • Note: because evaluation of the variable f is not delayed
  Arising from use of the binding
  │ 
2 │ and g = f
  │ 
