verify16.ml[6:7 ..6:7]: error
  Invalid recursive right-hand side for variable f
  • Note: because evaluation of the variable g is not delayed
  Arising from use of the binding
  │ 
6 │   let f = id (fun _ -> g) 1
  │ 
verify16.ml[7:7 ..7:7]: error
  Invalid recursive right-hand side for variable g
  • Note: because evaluation of the variable f is not delayed
  Arising from use of the binding
  │ 
7 │   and g = id (fun _ -> f) 1
  │ 
