fail_record_empty_extension.ml[1:18 ..1:18]: error
  Unexpected }, expected identifier
  │ 
1 │ let a = { 0 with }
  │ 
