let _ = [1, 2, 3]
let [1, 2, 3] = [1, 2, 3]
let _ = [let a = 1
  in 2]
let _ =
  [(a, b) | a <- [1, 2, 3], b <- [4, 5, 6]]
let _ =
  [(a, b) | a <- [1, 2, 3], let b =
    (a + 1) , c <- [b, a]]
