record02-fail.ml[5:17 ..5:36]: error
  Could not match the rigid type variable 'a with the type int

  • When checking that the type
     int -> int
    can be made as polymorphic as
     forall 'a. 'a -> 'a

  • Arising in the this field bar
  │ 
5 │ let foo = Foo { bar = fun x -> x + 1 }
  │                 ^^^^^^^^^^^^^^^^^^^^
