+ : int -> int -> int
apply : Spec{'row : type}. Spec{'a : type}. Spec{'b : type}. { 'row | apply : Spec{'a : type}. Spec{'b : type}. ('a -> 'b) -> 'a -> 'b } -> ('a -> 'b) -> 'a -> 'b
main : int
