foo : Req{'a : type}. constraint
bar : Req{'a : type}. type
into : Spec{'a : type}. foo 'a => 'a -> bar 'a
