show : Req{'a : type}. constraint
show : Spec{'a : type}. show 'a => 'a -> string
