poly-instance.ml[4:1 ..4:38]: error (E2006)
  │ 
4 │ instance foo (trivial => 'a) begin end
  │ ^^^^^^^^^^^^^^^^^^^^^^^^^^^^^^^^^^^^^^
  Illegal use of polymorphic type trivial => 'a
    as argument to the type constructor Foo
